Result: PASS
Total tests: 13
Passed: 13
Failed: 0
Failed suites: 0
Time: 1778670285594

  ✓ Counter App page has a visible <h1> heading containing the text "Counter"
  ✓ Counter App element with data-testid="counter-value" exists and shows 0 initially
  ✓ Counter App increment-btn increases the counter by 1 on each click
  ✓ Counter App decrement-btn decreases the counter by 1 on each click
  ✓ Counter App reset-btn sets the counter back to 0 after incrementing
  ✓ Counter App reset-btn sets the counter back to 0 after decrementing
  ✓ Counter App increment writes the updated value to localStorage["counter"]
  ✓ Counter App decrement writes the updated value to localStorage["counter"]
  ✓ Counter App reset writes "0" to localStorage["counter"]
  ✓ Counter App counter reads a positive persisted value from localStorage on load (simulates reload)
  ✓ Counter App counter reads a negative persisted value from localStorage on load
  ✓ Counter App counter defaults to 0 when localStorage contains a non-numeric value
  ✓ Counter App combined increment / decrement / reset flow stays consistent with localStorage
